<html>
<body>
<pre>
<h1>µVision Build Log</h1>
<h2>Project:</h2>
C:\Users\ADMIN\Desktop\HeThongNhung\He Thong Nhung\Vidu3\LedKey.uvproj
Project File Date:  09/15/2020

<h2>Output:</h2>
Build target 'Target 1'
assembling Startup.s...
compiling main.c...
main.c(10): warning:  #1-D: last line of file ends without a newline
linking...
Program Size: Code=904 RO-data=16 RW-data=0 ZI-data=352  
FromELF: creating hex file...
".\LedKey.axf" - 0 Errors, 1 Warning(s).
Build target 'Target 1'
compiling main.c...
main.c(26): warning:  #1-D: last line of file ends without a newline
linking...
Program Size: Code=1612 RO-data=172 RW-data=0 ZI-data=352  
FromELF: creating hex file...
".\LedKey.axf" - 0 Errors, 1 Warning(s).
Build target 'Target 1'
compiling main.c...
main.c(27): warning:  #1-D: last line of file ends without a newline
linking...
Program Size: Code=1640 RO-data=172 RW-data=0 ZI-data=352  
FromELF: creating hex file...
".\LedKey.axf" - 0 Errors, 1 Warning(s).
